[    0.000000] Linux version 4.15.0-74-generic (buildd@lcy01-amd64-022) (gcc version 7.4.0 (Ubuntu 7.4.0-1ubuntu1~18.04.1)) #84-Ubuntu SMP Thu Dec 19 08:06:28 UTC 2019 (Ubuntu 4.15.0-74.84-generic 4.15.18)
[    0.000000] Command line: BOOT_IMAGE=/boot/vmlinuz-4.15.0-74-generic root=LABEL=cloudimg-rootfs ro console=tty1 console=ttyS0
[    0.000000] KERNEL supported cpus:
[    0.000000]   Intel GenuineIntel
[    0.000000]   AMD AuthenticAMD
[    0.000000]   Centaur CentaurHauls
[    0.000000] x86/fpu: Supporting XSAVE feature 0x001: 'x87 floating point registers'
[    0.000000] x86/fpu: Supporting XSAVE feature 0x002: 'SSE registers'
[    0.000000] x86/fpu: Supporting XSAVE feature 0x004: 'AVX registers'
[    0.000000] x86/fpu: xstate_offset[2]:  576, xstate_sizes[2]:  256
[    0.000000] x86/fpu: Enabled xstate features 0x7, context size is 832 bytes, using 'standard' format.
[    0.000000] e820: BIOS-provided physical RAM map:
[    0.000000] BIOS-e820: [mem 0x0000000000000000-0x000000000009fbff] usable
[    0.000000] BIOS-e820: [mem 0x000000000009fc00-0x000000000009ffff] reserved
[    0.000000] BIOS-e820: [mem 0x00000000000f0000-0x00000000000fffff] reserved
[    0.000000] BIOS-e820: [mem 0x0000000000100000-0x000000003ffeffff] usable
[    0.000000] BIOS-e820: [mem 0x000000003fff0000-0x000000003fffffff] ACPI data
[    0.000000] BIOS-e820: [mem 0x00000000fec00000-0x00000000fec00fff] reserved
[    0.000000] BIOS-e820: [mem 0x00000000fee00000-0x00000000fee00fff] reserved
[    0.000000] BIOS-e820: [mem 0x00000000fffc0000-0x00000000ffffffff] reserved
[    0.000000] NX (Execute Disable) protection: active
[    0.000000] SMBIOS 2.5 present.
[    0.000000] DMI: innotek GmbH VirtualBox/VirtualBox, BIOS VirtualBox 12/01/2006
[    0.000000] Hypervisor detected: KVM
[    0.000000] e820: last_pfn = 0x3fff0 max_arch_pfn = 0x400000000
[    0.000000] MTRR: Disabled
[    0.000000] x86/PAT: MTRRs disabled, skipping PAT initialization too.
[    0.000000] CPU MTRRs all blank - virtualized system.
[    0.000000] x86/PAT: Configuration [0-7]: WB  WT  UC- UC  WB  WT  UC- UC  
[    0.000000] found SMP MP-table at [mem 0x0009fff0-0x0009ffff]
[    0.000000] Scanning 1 areas for low memory corruption
[    0.000000] RAMDISK: [mem 0x35a6f000-0x36d2efff]
[    0.000000] ACPI: Early table checksum verification disabled
[    0.000000] ACPI: RSDP 0x00000000000E0000 000024 (v02 VBOX  )
[    0.000000] ACPI: XSDT 0x000000003FFF0030 00003C (v01 VBOX   VBOXXSDT 00000001 ASL  00000061)
[    0.000000] ACPI: FACP 0x000000003FFF00F0 0000F4 (v04 VBOX   VBOXFACP 00000001 ASL  00000061)
[    0.000000] ACPI: DSDT 0x000000003FFF0470 0022EA (v02 VBOX   VBOXBIOS 00000002 INTL 20100528)
[    0.000000] ACPI: FACS 0x000000003FFF0200 000040
[    0.000000] ACPI: FACS 0x000000003FFF0200 000040
[    0.000000] ACPI: APIC 0x000000003FFF0240 00005C (v02 VBOX   VBOXAPIC 00000001 ASL  00000061)
[    0.000000] ACPI: SSDT 0x000000003FFF02A0 0001CC (v01 VBOX   VBOXCPUT 00000002 INTL 20100528)
[    0.000000] No NUMA configuration found
[    0.000000] Faking a node at [mem 0x0000000000000000-0x000000003ffeffff]
[    0.000000] NODE_DATA(0) allocated [mem 0x3ffc5000-0x3ffeffff]
[    0.000000] kvm-clock: cpu 0, msr 0:3ff44001, primary cpu clock
[    0.000000] kvm-clock: Using msrs 4b564d01 and 4b564d00
[    0.000000] kvm-clock: using sched offset of 3991145549 cycles
[    0.000000] clocksource: kvm-clock: mask: 0xffffffffffffffff max_cycles: 0x1cd42e4dffb, max_idle_ns: 881590591483 ns
[    0.000000] Zone ranges:
[    0.000000]   DMA      [mem 0x0000000000001000-0x0000000000ffffff]
[    0.000000]   DMA32    [mem 0x0000000001000000-0x000000003ffeffff]
[    0.000000]   Normal   empty
[    0.000000]   Device   empty
[    0.000000] Movable zone start for each node
[    0.000000] Early memory node ranges
[    0.000000]   node   0: [mem 0x0000000000001000-0x000000000009efff]
[    0.000000]   node   0: [mem 0x0000000000100000-0x000000003ffeffff]
[    0.000000] Reserved but unavailable: 98 pages
[    0.000000] Initmem setup node 0 [mem 0x0000000000001000-0x000000003ffeffff]
[    0.000000] ACPI: PM-Timer IO Port: 0x4008
[    0.000000] IOAPIC[0]: apic_id 2, version 32, address 0xfec00000, GSI 0-23
[    0.000000] ACPI: INT_SRC_OVR (bus 0 bus_irq 0 global_irq 2 dfl dfl)
[    0.000000] ACPI: INT_SRC_OVR (bus 0 bus_irq 9 global_irq 9 low level)
[    0.000000] Using ACPI (MADT) for SMP configuration information
[    0.000000] smpboot: Allowing 2 CPUs, 0 hotplug CPUs
[    0.000000] PM: Registered nosave memory: [mem 0x00000000-0x00000fff]
[    0.000000] PM: Registered nosave memory: [mem 0x0009f000-0x0009ffff]
[    0.000000] PM: Registered nosave memory: [mem 0x000a0000-0x000effff]
[    0.000000] PM: Registered nosave memory: [mem 0x000f0000-0x000fffff]
[    0.000000] e820: [mem 0x40000000-0xfebfffff] available for PCI devices
[    0.000000] Booting paravirtualized kernel on KVM
[    0.000000] clocksource: refined-jiffies: mask: 0xffffffff max_cycles: 0xffffffff, max_idle_ns: 7645519600211568 ns
[    0.000000] random: get_random_bytes called from start_kernel+0x99/0x4fd with crng_init=0
[    0.000000] setup_percpu: NR_CPUS:8192 nr_cpumask_bits:2 nr_cpu_ids:2 nr_node_ids:1
[    0.000000] percpu: Embedded 45 pages/cpu s147456 r8192 d28672 u1048576
[    0.000000] PV qspinlock hash table entries: 256 (order: 0, 4096 bytes)
[    0.000000] Built 1 zonelists, mobility grouping on.  Total pages: 257913
[    0.000000] Policy zone: DMA32
[    0.000000] Kernel command line: BOOT_IMAGE=/boot/vmlinuz-4.15.0-74-generic root=LABEL=cloudimg-rootfs ro console=tty1 console=ttyS0
[    0.000000] Memory: 983080K/1048120K available (12300K kernel code, 2481K rwdata, 4260K rodata, 2428K init, 2704K bss, 65040K reserved, 0K cma-reserved)
[    0.000000] SLUB: HWalign=64, Order=0-3, MinObjects=0, CPUs=2, Nodes=1
[    0.000000] Kernel/User page tables isolation: enabled
[    0.000000] ftrace: allocating 39322 entries in 154 pages
[    0.004000] Hierarchical RCU implementation.
[    0.004000] 	RCU restricting CPUs from NR_CPUS=8192 to nr_cpu_ids=2.
[    0.004000] 	Tasks RCU enabled.
[    0.004000] RCU: Adjusting geometry for rcu_fanout_leaf=16, nr_cpu_ids=2
[    0.004000] NR_IRQS: 524544, nr_irqs: 440, preallocated irqs: 16
[    0.004000] Console: colour VGA+ 80x25
[    0.004000] console [tty1] enabled
[    0.004000] console [ttyS0] enabled
[    0.004000] ACPI: Core revision 20170831
[    0.004000] ACPI: 2 ACPI AML tables successfully acquired and loaded
[    0.004000] APIC: Switch to symmetric I/O mode setup
[    0.004000] x2apic enabled
[    0.004000] Switched APIC routing to physical x2apic.
[    0.004000] ..TIMER: vector=0x30 apic1=0 pin1=2 apic2=-1 pin2=-1
[    0.004009] tsc: Detected 2712.006 MHz processor
[    0.008021] Calibrating delay loop (skipped) preset value.. 5424.01 BogoMIPS (lpj=10848024)
[    0.010251] pid_max: default: 32768 minimum: 301
[    0.011355] Security Framework initialized
[    0.012008] Yama: becoming mindful.
[    0.012925] AppArmor: AppArmor initialized
[    0.019283] Dentry cache hash table entries: 131072 (order: 8, 1048576 bytes)
[    0.020101] Inode-cache hash table entries: 65536 (order: 7, 524288 bytes)
[    0.021975] Mount-cache hash table entries: 2048 (order: 2, 16384 bytes)
[    0.024017] Mountpoint-cache hash table entries: 2048 (order: 2, 16384 bytes)
[    0.028458] Last level iTLB entries: 4KB 64, 2MB 8, 4MB 8
[    0.030062] Last level dTLB entries: 4KB 64, 2MB 0, 4MB 0, 1GB 4
[    0.032008] Spectre V1 : Mitigation: usercopy/swapgs barriers and __user pointer sanitization
[    0.034463] Spectre V2 : Mitigation: Full generic retpoline
[    0.036009] Spectre V2 : Spectre v2 / SpectreRSB mitigation: Filling RSB on context switch
[    0.040007] Speculative Store Bypass: Vulnerable
[    0.041403] MDS: Vulnerable: Clear CPU buffers attempted, no microcode
[    0.044268] Freeing SMP alternatives memory: 36K
[    0.157675] smpboot: CPU0: Intel(R) Core(TM) i5-7200U CPU @ 2.50GHz (family: 0x6, model: 0x8e, stepping: 0x9)
[    0.160000] Performance Events: unsupported p6 CPU model 142 no PMU driver, software events only.
[    0.160114] Hierarchical SRCU implementation.
[    0.164815] NMI watchdog: Perf event create on CPU 0 failed with -2
[    0.166519] NMI watchdog: Perf NMI watchdog permanently disabled
[    0.168100] smp: Bringing up secondary CPUs ...
[    0.169618] x86: Booting SMP configuration:
[    0.172010] .... node  #0, CPUs:      #1
[    0.004000] kvm-clock: cpu 1, msr 0:3ff44041, secondary cpu clock
[    0.182835] smp: Brought up 1 node, 2 CPUs
[    0.184011] smpboot: Max logical packages: 1
[    0.185426] smpboot: Total of 2 processors activated (10848.02 BogoMIPS)
[    0.188104] devtmpfs: initialized
[    0.189295] x86/mm: Memory block size: 128MB
[    0.190796] evm: security.selinux
[    0.191804] evm: security.SMACK64
[    0.192014] evm: security.SMACK64EXEC
[    0.193422] evm: security.SMACK64TRANSMUTE
[    0.194726] evm: security.SMACK64MMAP
[    0.196009] evm: security.apparmor
[    0.197146] evm: security.ima
[    0.198021] evm: security.capability
[    0.204015] clocksource: jiffies: mask: 0xffffffff max_cycles: 0xffffffff, max_idle_ns: 7645041785100000 ns
[    0.204033] futex hash table entries: 512 (order: 3, 32768 bytes)
[    0.208011] pinctrl core: initialized pinctrl subsystem
[    0.208194] RTC time: 17:00:22, date: 01/21/20
[    0.209747] NET: Registered protocol family 16
[    0.211148] audit: initializing netlink subsys (disabled)
[    0.216021] audit: type=2000 audit(1579626027.980:1): state=initialized audit_enabled=0 res=1
[    0.218531] cpuidle: using governor ladder
[    0.218531] cpuidle: using governor menu
[    0.218531] ACPI: bus type PCI registered
[    0.220012] acpiphp: ACPI Hot Plug PCI Controller Driver version: 0.5
[    0.228207] PCI: Using configuration type 1 for base access
[    0.232068] HugeTLB registered 2.00 MiB page size, pre-allocated 0 pages
[    0.234030] ACPI: Added _OSI(Module Device)
[    0.234030] ACPI: Added _OSI(Processor Device)
[    0.236000] ACPI: Added _OSI(3.0 _SCP Extensions)
[    0.236021] ACPI: Added _OSI(Processor Aggregator Device)
[    0.240020] ACPI: Added _OSI(Linux-Dell-Video)
[    0.242086] ACPI: Added _OSI(Linux-Lenovo-NV-HDMI-Audio)
[    0.243570] ACPI: Added _OSI(Linux-HPI-Hybrid-Graphics)
[    0.244532] ACPI: Executed 1 blocks of module-level executable AML code
[    0.254461] ACPI: Interpreter enabled
[    0.255689] ACPI: (supports S0 S5)
[    0.256009] ACPI: Using IOAPIC for interrupt routing
[    0.259082] PCI: Using host bridge windows from ACPI; if necessary, use "pci=nocrs" and report a bug
[    0.264337] ACPI: Enabled 2 GPEs in block 00 to 07
[    0.279897] ACPI: PCI Root Bridge [PCI0] (domain 0000 [bus 00-ff])
[    0.284020] acpi PNP0A03:00: _OSC: OS supports [ASPM ClockPM Segments MSI]
[    0.284352] acpi PNP0A03:00: _OSC: not requesting OS control; OS requires [ExtendedConfig ASPM ClockPM MSI]
[    0.287000] acpi PNP0A03:00: fail to add MMCONFIG information, can't access extended PCI configuration space under this bridge.
[    0.292659] PCI host bridge to bus 0000:00
[    0.292659] pci_bus 0000:00: root bus resource [io  0x0000-0x0cf7 window]
[    0.293907] pci_bus 0000:00: root bus resource [io  0x0d00-0xffff window]
[    0.295752] pci_bus 0000:00: root bus resource [mem 0x000a0000-0x000bffff window]
[    0.300037] pci_bus 0000:00: root bus resource [mem 0x40000000-0xfdffffff window]
[    0.301627] pci_bus 0000:00: root bus resource [bus 00-ff]
[    0.306665] pci 0000:00:01.1: legacy IDE quirk: reg 0x10: [io  0x01f0-0x01f7]
[    0.306665] pci 0000:00:01.1: legacy IDE quirk: reg 0x14: [io  0x03f6]
[    0.306665] pci 0000:00:01.1: legacy IDE quirk: reg 0x18: [io  0x0170-0x0177]
[    0.312008] pci 0000:00:01.1: legacy IDE quirk: reg 0x1c: [io  0x0376]
[    0.341635] pci 0000:00:07.0: quirk: [io  0x4000-0x403f] claimed by PIIX4 ACPI
[    0.343615] pci 0000:00:07.0: quirk: [io  0x4100-0x410f] claimed by PIIX4 SMB
[    0.355406] ACPI: PCI Interrupt Link [LNKA] (IRQs 5 9 10 *11)
[    0.360422] ACPI: PCI Interrupt Link [LNKB] (IRQs 5 9 *10 11)
[    0.362004] ACPI: PCI Interrupt Link [LNKC] (IRQs 5 *9 10 11)
[    0.362004] ACPI: PCI Interrupt Link [LNKD] (IRQs 5 9 10 *11)
[    0.364004] SCSI subsystem initialized
[    0.364136] pci 0000:00:02.0: vgaarb: setting as boot VGA device
[    0.365383] pci 0000:00:02.0: vgaarb: VGA device added: decodes=io+mem,owns=io+mem,locks=none
[    0.368012] pci 0000:00:02.0: vgaarb: bridge control possible
[    0.369315] vgaarb: loaded
[    0.369315] ACPI: bus type USB registered
[    0.369315] usbcore: registered new interface driver usbfs
[    0.370322] usbcore: registered new interface driver hub
[    0.372003] usbcore: registered new device driver usb
[    0.376046] EDAC MC: Ver: 3.0.0
[    0.377059] PCI: Using ACPI for IRQ routing
[    0.377508] NetLabel: Initializing
[    0.378335] NetLabel:  domain hash size = 128
[    0.380004] NetLabel:  protocols = UNLABELED CIPSOv4 CALIPSO
[    0.381199] NetLabel:  unlabeled traffic allowed by default
[    0.382357] clocksource: Switched to clocksource kvm-clock
[    0.404596] VFS: Disk quotas dquot_6.6.0
[    0.405755] VFS: Dquot-cache hash table entries: 512 (order 0, 4096 bytes)
[    0.408030] AppArmor: AppArmor Filesystem Enabled
[    0.409771] pnp: PnP ACPI init
[    0.412404] pnp: PnP ACPI: found 3 devices
[    0.426023] clocksource: acpi_pm: mask: 0xffffff max_cycles: 0xffffff, max_idle_ns: 2085701024 ns
[    0.429496] NET: Registered protocol family 2
[    0.435622] TCP established hash table entries: 8192 (order: 4, 65536 bytes)
[    0.440210] TCP bind hash table entries: 8192 (order: 5, 131072 bytes)
[    0.442862] TCP: Hash tables configured (established 8192 bind 8192)
[    0.446441] UDP hash table entries: 512 (order: 2, 16384 bytes)
[    0.448248] UDP-Lite hash table entries: 512 (order: 2, 16384 bytes)
[    0.451421] NET: Registered protocol family 1
[    0.453633] pci 0000:00:00.0: Limiting direct PCI/PCI transfers
[    0.456362] pci 0000:00:01.0: Activating ISA DMA hang workarounds
[    0.458810] pci 0000:00:02.0: Video device with shadowed ROM at [mem 0x000c0000-0x000dffff]
[    0.461363] Unpacking initramfs...
[    0.862073] Freeing initrd memory: 19200K
[    0.863543] clocksource: tsc: mask: 0xffffffffffffffff max_cycles: 0x27178c274f7, max_idle_ns: 440795238189 ns
[    0.866319] platform rtc_cmos: registered platform RTC device (no PNP device found)
[    0.868513] Scanning for low memory corruption every 60 seconds
[    0.871389] Initialise system trusted keyrings
[    0.872842] Key type blacklist registered
[    0.874476] workingset: timestamp_bits=36 max_order=18 bucket_order=0
[    0.878128] zbud: loaded
[    0.879857] squashfs: version 4.0 (2009/01/31) Phillip Lougher
[    0.881999] fuse init (API version 7.26)
[    0.887807] Key type asymmetric registered
[    0.889097] Asymmetric key parser 'x509' registered
[    0.890579] Block layer SCSI generic (bsg) driver version 0.4 loaded (major 246)
[    0.892885] io scheduler noop registered
[    0.894053] io scheduler deadline registered
[    0.898117] io scheduler cfq registered (default)
[    0.900143] ACPI: AC Adapter [AC] (on-line)
[    0.901532] input: Power Button as /devices/LNXSYSTM:00/LNXPWRBN:00/input/input0
[    0.904871] ACPI: Power Button [PWRF]
[    0.906353] input: Sleep Button as /devices/LNXSYSTM:00/LNXSLPBN:00/input/input1
[    0.908501] ACPI: Sleep Button [SLPF]
[    0.912085] Serial: 8250/16550 driver, 32 ports, IRQ sharing enabled
[    0.912286] ACPI: Battery Slot [BAT0] (battery present)
[    0.937266] 00:02: ttyS0 at I/O 0x3f8 (irq = 4, base_baud = 115200) is a 16550A
[    0.943614] Linux agpgart interface v0.103
[    0.946672] loop: module loaded
[    0.949053] scsi host0: ata_piix
[    0.950280] scsi host1: ata_piix
[    0.951328] ata1: PATA max UDMA/33 cmd 0x1f0 ctl 0x3f6 bmdma 0xd000 irq 14
[    0.953553] ata2: PATA max UDMA/33 cmd 0x170 ctl 0x376 bmdma 0xd008 irq 15
[    0.955984] libphy: Fixed MDIO Bus: probed
[    0.957299] tun: Universal TUN/TAP device driver, 1.6
[    0.958739] PPP generic driver version 2.4.2
[    0.960204] ehci_hcd: USB 2.0 'Enhanced' Host Controller (EHCI) Driver
[    0.962129] ehci-pci: EHCI PCI platform driver
[    0.963506] ehci-platform: EHCI generic platform driver
[    0.965402] ohci_hcd: USB 1.1 'Open' Host Controller (OHCI) Driver
[    0.967099] ohci-pci: OHCI PCI platform driver
[    0.968686] ohci-platform: OHCI generic platform driver
[    0.970315] uhci_hcd: USB Universal Host Controller Interface driver
[    0.972326] i8042: PNP: PS/2 Controller [PNP0303:PS2K,PNP0f03:PS2M] at 0x60,0x64 irq 1,12
[    0.975907] serio: i8042 KBD port at 0x60,0x64 irq 1
[    0.977530] serio: i8042 AUX port at 0x60,0x64 irq 12
[    0.979504] mousedev: PS/2 mouse device common for all mice
[    0.981752] input: AT Translated Set 2 keyboard as /devices/platform/i8042/serio0/input/input2
[    0.984894] rtc_cmos rtc_cmos: rtc core: registered rtc_cmos as rtc0
[    0.987338] rtc_cmos rtc_cmos: alarms up to one day, 114 bytes nvram
[    0.988801] i2c /dev entries driver
[    0.989724] device-mapper: uevent: version 1.0.3
[    0.990828] device-mapper: ioctl: 4.37.0-ioctl (2017-09-20) initialised: dm-devel@redhat.com
[    0.992852] ledtrig-cpu: registered to indicate activity on CPUs
[    0.995419] NET: Registered protocol family 10
[    1.001576] Segment Routing with IPv6
[    1.003060] NET: Registered protocol family 17
[    1.004192] Key type dns_resolver registered
[    1.005417] mce: Using 0 MCE banks
[    1.006292] RAS: Correctable Errors collector initialized.
[    1.007656] sched_clock: Marking stable (1005339362, 0)->(1325124571, -319785209)
[    1.010060] registered taskstats version 1
[    1.011210] Loading compiled-in X.509 certificates
[    1.015815] Loaded X.509 cert 'Build time autogenerated kernel key: 62d24f9c726e026b112735485dad6e6e4b50c923'
[    1.018424] zswap: loaded using pool lzo/zbud
[    1.025412] Key type big_key registered
[    1.026760] Key type trusted registered
[    1.030774] Key type encrypted registered
[    1.032755] AppArmor: AppArmor sha1 policy hashing enabled
[    1.034280] ima: No TPM chip found, activating TPM-bypass! (rc=-19)
[    1.036237] ima: Allocated hash algorithm: sha1
[    1.037950] evm: HMAC attrs: 0x1
[    1.039436]   Magic number: 4:312:37
[    1.040576] bdi 7:2: hash matches
[    1.041854] rtc_cmos rtc_cmos: setting system clock to 2020-01-21 17:00:23 UTC (1579626023)
[    1.044571] BIOS EDD facility v0.16 2004-Jun-25, 0 devices found
[    1.046479] EDD information not available.
[    1.119629] Freeing unused kernel image memory: 2428K
[    1.132627] Write protecting the kernel read-only data: 20480k
[    1.135602] Freeing unused kernel image memory: 2008K
[    1.138205] Freeing unused kernel image memory: 1884K
[    1.149866] x86/mm: Checked W+X mappings: passed, no W+X pages found.
[    1.151320] x86/mm: Checking user space page tables
[    1.162343] x86/mm: Checked W+X mappings: passed, no W+X pages found.
Loading, please wait...
starting version 237
[    1.263323] e1000: Intel(R) PRO/1000 Network Driver - version 7.3.21-k8-NAPI
[    1.265682] e1000: Copyright (c) 1999-2006 Intel Corporation.
[    1.270270] Fusion MPT base driver 3.04.20
[    1.271642] Copyright (c) 1999-2008 LSI Corporation
[    1.298540] AVX2 version of gcm_enc/dec engaged.
[    1.300196] AES CTR mode by8 optimization enabled
[    1.328972] Fusion MPT SPI Host driver 3.04.20
[    1.486034] input: ImExPS/2 Generic Explorer Mouse as /devices/platform/i8042/serio1/input/input4
[    1.773386] e1000 0000:00:03.0 eth0: (PCI:33MHz:32-bit) 02:22:e7:1f:39:14
[    1.778141] e1000 0000:00:03.0 eth0: Intel(R) PRO/1000 Network Connection
[    1.784050] e1000 0000:00:03.0 enp0s3: renamed from eth0
[    1.787489] mptbase: ioc0: Initiating bringup
[    1.884452] ioc0: LSI53C1030 A0: Capabilities={Initiator}
[    2.147173] scsi host2: ioc0: LSI53C1030 A0, FwRev=00000000h, Ports=1, MaxQ=256, IRQ=20
[    2.317112] scsi 2:0:0:0: Direct-Access     VBOX     HARDDISK         1.0  PQ: 0 ANSI: 5
[    2.628071] scsi target2:0:0: Beginning Domain Validation
[    2.631556] scsi target2:0:0: Domain Validation skipping write tests
[    2.633537] scsi target2:0:0: Ending Domain Validation
[    2.634844] scsi target2:0:0: asynchronous
[    2.636421] scsi 2:0:1:0: Direct-Access     VBOX     HARDDISK         1.0  PQ: 0 ANSI: 5
[    2.712907] scsi target2:0:1: Beginning Domain Validation
[    2.714865] random: fast init done
[    2.716358] scsi target2:0:1: Domain Validation skipping write tests
[    2.718426] scsi target2:0:1: Ending Domain Validation
[    2.720671] scsi target2:0:1: asynchronous
[    2.728005] random: systemd-udevd: uninitialized urandom read (16 bytes read)
[    2.728611] sd 2:0:0:0: [sda] 20971520 512-byte logical blocks: (10.7 GB/10.0 GiB)
[    2.730376] random: systemd-udevd: uninitialized urandom read (16 bytes read)
[    2.734313] sd 2:0:0:0: [sda] Write Protect is off
[    2.738654] random: systemd-udevd: uninitialized urandom read (16 bytes read)
[    2.742404] sd 2:0:0:0: Attached scsi generic sg0 type 0
[    2.742622] sd 2:0:0:0: [sda] Incomplete mode parameter data
[    2.744821] sd 2:0:1:0: Attached scsi generic sg1 type 0
[    2.746304] sd 2:0:0:0: [sda] Assuming drive cache: write through
[    2.751941] sd 2:0:1:0: [sdb] 20480 512-byte logical blocks: (10.5 MB/10.0 MiB)
[    2.753041]  sda: sda1
[    2.756635] sd 2:0:1:0: [sdb] Write Protect is off
[    2.758130] sd 2:0:0:0: [sda] Attached SCSI disk
[    2.761493] sd 2:0:1:0: [sdb] Incomplete mode parameter data
[    2.763338] sd 2:0:1:0: [sdb] Assuming drive cache: write through
[    2.769538] sd 2:0:1:0: [sdb] Attached SCSI disk
Begin: Loading essential drivers ... [    4.572226] raid6: sse2x1   gen()  7379 MB/s
[    4.620055] raid6: sse2x1   xor()  6784 MB/s
[    4.668064] raid6: sse2x2   gen()  9263 MB/s
[    4.716922] raid6: sse2x2   xor()  8047 MB/s
[    4.764235] raid6: sse2x4   gen() 10233 MB/s
[    4.812067] raid6: sse2x4   xor()  7187 MB/s
[    4.860347] raid6: avx2x1   gen() 16557 MB/s
[    4.908079] raid6: avx2x1   xor() 10085 MB/s
[    4.956520] raid6: avx2x2   gen() 20834 MB/s
[    5.004337] raid6: avx2x2   xor() 13147 MB/s
[    5.052157] raid6: avx2x4   gen() 21196 MB/s
[    5.100034] raid6: avx2x4   xor() 15024 MB/s
[    5.101417] raid6: using algorithm avx2x4 gen() 21196 MB/s
[    5.102956] raid6: .... xor() 15024 MB/s, rmw enabled
[    5.104526] raid6: using avx2x2 recovery algorithm
[    5.107465] xor: automatically using best checksumming function   avx       
[    5.110818] async_tx: api initialized (async)
done.
Begin: Running /scripts/init-premount ... done.
Begin: Mounting root file system ... Begin: Running /scripts/local-top ... done.
Begin: Running /scripts/local-premount ... [    5.168856] Btrfs loaded, crc32c=crc32c-intel
Scanning for Btrfs filesystems
done.
Warning: fsck not present, so skipping root file system
[    5.203110] EXT4-fs (sda1): mounted filesystem with ordered data mode. Opts: (null)
done.
Begin: Running /scripts/local-bottom ... done.
Begin: Running /scripts/init-bottom ... done.
[    5.455161] ip_tables: (C) 2000-2006 Netfilter Core Team
[    5.465595] systemd[1]: systemd 237 running in system mode. (+PAM +AUDIT +SELINUX +IMA +APPARMOR +SMACK +SYSVINIT +UTMP +LIBCRYPTSETUP +GCRYPT +GNUTLS +ACL +XZ +LZ4 +SECCOMP +BLKID +ELFUTILS +KMOD -IDN2 +IDN -PCRE2 default-hierarchy=hybrid)
[    5.470079] systemd[1]: Detected virtualization oracle.
[    5.471205] systemd[1]: Detected architecture x86-64.

Welcome to [1mUbuntu 18.04.3 LTS[0m!

[    5.479335] systemd[1]: Set hostname to <ubuntu>.
[    5.485885] systemd[1]: Initializing machine ID from random generator.
[    5.487293] systemd[1]: Installed transient /etc/machine-id file.
[    5.803031] systemd[1]: Created slice User and Session Slice.
[[0;32m  OK  [0m] Created slice User and Session Slice.
[    5.805283] systemd[1]: Reached target User and Group Name Lookups.
[[0;32m  OK  [0m] Reached target User and Group Name Lookups.
[    5.807753] systemd[1]: Reached target Swap.
[[0;32m  OK  [0m] Reached target Swap.
[    5.809888] systemd[1]: Created slice System Slice.
[[0;32m  OK  [0m] Created slice System Slice.
[[0;32m  OK  [0m] Reached target Slices.
[[0;32m  OK  [0m] Listening on udev Kernel Socket.
[[0;32m  OK  [0m] Listening on Journal Audit Socket.
[[0;32m  OK  [0m] Listening on Device-mapper event daemon FIFOs.
[[0;32m  OK  [0m] Listening on Network Service Netlink Socket.
[[0;32m  OK  [0m] Listening on udev Control Socket.
[[0;32m  OK  [0m] Listening on Journal Socket.
         Mounting POSIX Message Queue File System...
         Starting Remount Root and Kernel File Systems...
         Starting Uncomplicated firewall...
         Mounting Kernel Debug File System...
         Mounting Huge Pages File System...
[[0;32m  OK  [0m] Listening on LVM2 poll daemon socket.
         Starting Set the console keyboard layout...
[    5.836862] EXT4-fs (sda1): re-mounted. Opts: (null)
[[0;32m  OK  [0m] Listening on Journal Socket (/dev/log).
[[0;32m  OK  [0m] Listening on /dev/initctl Compatibility Named Pipe.
[[0;32m  OK  [0m] Listening on LVM2 metadata daemon socket.
         Starting Load Kernel Modules...
[[0;32m  OK  [0m] Created slice system-serial\x2dgetty.slice.
         Starting Create list of required stâ€¦ce nodes for the current kernel...
[[0;32m  OK  [0m] Listening on Syslog Socket.
         Starting Journal Service...
         Starting udev Coldplug all Devices...
         Starting Monitoring of LVM2 mirrorsâ€¦ng dmeventd or progress polling...
[[0;32m  OK  [0m] Set up automount Arbitrary Executabâ€¦rmats File System Automount Point.
[[0;32m  OK  [0m] Reached target System Time Synchronized.
[[0;32m  OK  [0m] Started Forward Password Requests to Wall Directory Watch.
[[0;32m  OK  [0m] Mounted POSIX Message Queue File System.
[[0;32m  OK  [0m] Started Remount Root and Kernel File Systems.
[[0;32m  OK  [0m] Started Uncomplicated firewall.
[[0;32m  OK  [0m] Mounted Kernel Debug File System.
[    5.951316] Loading iSCSI transport class v2.0-870.
[    5.959877] iscsi: registered transport (tcp)
[[0;32m  OK  [0m] Mounted Huge Pages File System.
[[0;32m  OK  [0m] Started Create list of required staâ€¦vice nodes for the current kernel.
[[0;32m  OK  [0m] Started LVM2 metadata daemon.
         Starting Create Static Device Nodes in /dev...
         Starting Load/Save Random Seed...
[[0;32m  OK  [0m] Started udev Coldplug all Devices.
[[0;32m  OK  [0m] Started Create Static Device Nodes in /dev.
         Starting udev Kernel Device Manager...
[[0;32m  OK  [0m] Started Load/Save Random Seed.
[[0;32m  OK  [0m] Started Journal Service.
         Starting Flush Journal to Persistent Storage...
[    6.126137] iscsi: registered transport (iser)
[[0;32m  OK  [0m] Started Load Kernel Modules.
         Mounting FUSE Control File System...
         Mounting Kernel Configuration File System...
         Starting Apply Kernel Variables...
[[0;32m  OK  [0m] Mounted FUSE Control File System.
[[0;32m  OK  [0m] Mounted Kernel Configuration File System.
[[0;32m  OK  [0m] Started Set the console keyboard layout.
[[0;32m  OK  [0m] Started udev Kernel Device Manager.
[[0;32m  OK  [0m] Started Dispatch Password Requests to Console Directory Watch.
[[0;32m  OK  [0m] Reached target Local Encrypted Volumes.
[    6.196878] systemd-journald[391]: Received request to flush runtime journal from PID 1
[[0;32m  OK  [0m] Started Apply Kernel Variables.
[[0;32m  OK  [0m] Started Monitoring of LVM2 mirrors,â€¦sing dmeventd or progress polling.
[[0;32m  OK  [0m] Reached target Local File Systems (Pre).
[[0;32m  OK  [0m] Reached target Local File Systems.
         Starting ebtables ruleset management...
         Starting AppArmor initialization...
         Starting Commit a transient machine-id on disk...
         Starting Tell Plymouth To Write Out Runtime Data...
         Starting Set console font and keymap...
[[0;32m  OK  [0m] Started Flush Journal to Persistent Storage.
         Starting Create Volatile Files and Directories...
[[0;32m  OK  [0m] Started Tell Plymouth To Write Out Runtime Data.
[[0;32m  OK  [0m] Started Set console font and keymap.
[[0;32m  OK  [0m] Started Create Volatile Files and Directories.
         Starting Update UTMP about System Boot/Shutdown...
[[0;32m  OK  [0m] Started Update UTMP about System Boot/Shutdown.
[[0;32m  OK  [0m] Started Commit a transient machine-id on disk.
[[0;32m  OK  [0m] Started ebtables ruleset management.
[[0;32m  OK  [0m] Found device /dev/ttyS0.
[[0;32m  OK  [0m] Listening on Load/Save RF Kill Switch Status /dev/rfkill Watch.
[[0;32m  OK  [0m] Started AppArmor initialization.
         Starting Initial cloud-init job (pre-networking)...
[   10.258220] cloud-init[538]: Cloud-init v. 19.3-41-gc4735dd3-0ubuntu1~18.04.1 running 'init-local' at Tue, 21 Jan 2020 17:00:32 +0000. Up 9.62 seconds.
[[0;32m  OK  [0m] Started Initial cloud-init job (pre-networking).
[[0;32m  OK  [0m] Reached target Network (Pre).
         Starting Network Service...
[[0;32m  OK  [0m] Started Network Service.
         Starting Wait for Network to be Configured...
         Starting Network Name Resolution...
[[0;32m  OK  [0m] Started Network Name Resolution.
[[0;32m  OK  [0m] Reached target Network.
[[0;32m  OK  [0m] Reached target Host and Network Name Lookups.
[[0;32m  OK  [0m] Started Wait for Network to be Configured.
         Starting Initial cloud-init job (metadata service crawler)...
[   13.434103] cloud-init[653]: Cloud-init v. 19.3-41-gc4735dd3-0ubuntu1~18.04.1 running 'init' at Tue, 21 Jan 2020 17:00:34 +0000. Up 12.49 seconds.
[   13.445032] cloud-init[653]: ci-info: ++++++++++++++++++++++++++++++++++++++Net device info++++++++++++++++++++++++++++++++++++++
[   13.457291] cloud-init[653]: ci-info: +--------+------+----------------------------+---------------+--------+-------------------+
[   13.459939] cloud-init[653]: ci-info: | Device |  Up  |          Address           |      Mask     | Scope  |     Hw-Address    |
[   13.462089] cloud-init[653]: ci-info: +--------+------+----------------------------+---------------+--------+-------------------+
[   13.463669] cloud-init[653]: ci-info: | enp0s3 | True |         10.0.2.15          | 255.255.255.0 | global | 02:22:e7:1f:39:14 |
[   13.465269] cloud-init[653]: ci-info: | enp0s3 | True | fe80::22:e7ff:fe1f:3914/64 |       .       |  link  | 02:22:e7:1f:39:14 |
[   13.469024] cloud-init[653]: ci-info: |   lo   | True |         127.0.0.1          |   255.0.0.0   |  host  |         .         |
[   13.475021] cloud-init[653]: ci-info: |   lo   | True |          ::1/128           |       .       |  host  |         .         |
[   13.477050] cloud-init[653]: ci-info: +--------+------+----------------------------+---------------+--------+-------------------+
[   13.478814] cloud-init[653]: ci-info: ++++++++++++++++++++++++++++Route IPv4 info+++++++++++++++++++++++++++++
[   13.480682] cloud-init[653]: ci-info: +-------+-------------+----------+-----------------+-----------+-------+
[   13.483193] cloud-init[653]: ci-info: | Route | Destination | Gateway  |     Genmask     | Interface | Flags |
[   13.496357] cloud-init[653]: ci-info: +-------+-------------+----------+-----------------+-----------+-------+
[   13.498221] cloud-init[653]: ci-info: |   0   |   0.0.0.0   | 10.0.2.2 |     0.0.0.0     |   enp0s3  |   UG  |
[   13.501118] cloud-init[653]: ci-info: |   1   |   10.0.2.0  | 0.0.0.0  |  255.255.255.0  |   enp0s3  |   U   |
[   13.504067] cloud-init[653]: ci-info: |   2   |   10.0.2.2  | 0.0.0.0  | 255.255.255.255 |   enp0s3  |   UH  |
[   13.506592] cloud-init[653]: ci-info: +-------+-------------+----------+-----------------+-----------+-------+
[   13.509013] cloud-init[653]: ci-info: +++++++++++++++++++Route IPv6 info+++++++++++++++++++
[   13.511198] cloud-init[653]: ci-info: +-------+-------------+---------+-----------+-------+
[   13.513397] cloud-init[653]: ci-info: | Route | Destination | Gateway | Interface | Flags |
[   13.515639] cloud-init[653]: ci-info: +-------+-------------+---------+-----------+-------+
[   13.517422] cloud-init[653]: ci-info: |   1   |  fe80::/64  |    ::   |   enp0s3  |   U   |
[   13.518888] cloud-init[653]: ci-info: |   3   |    local    |    ::   |   enp0s3  |   U   |
[   13.520283] cloud-init[653]: ci-info: |   4   |   ff00::/8  |    ::   |   enp0s3  |   U   |
[   13.521628] cloud-init[653]: ci-info: +-------+-------------+---------+-----------+-------+
[   16.647162] cloud-init[653]: Generating public/private rsa key pair.
[   16.649058] cloud-init[653]: Your identification has been saved in /etc/ssh/ssh_host_rsa_key.
[   16.651541] cloud-init[653]: Your public key has been saved in /etc/ssh/ssh_host_rsa_key.pub.
[   16.656011] cloud-init[653]: The key fingerprint is:
[   16.657830] cloud-init[653]: SHA256:kj/77R1h2SjP5AfcflP7IgYO8VbjO2nfKvHsHtBTf/w root@ubuntu-bionic
[   16.659891] cloud-init[653]: The key's randomart image is:
[   16.661367] cloud-init[653]: +---[RSA 2048]----+
[   16.663130] cloud-init[653]: |                 |
[   16.665109] cloud-init[653]: |                 |
[   16.666142] cloud-init[653]: |                .|
[   16.667090] cloud-init[653]: |       ..   oo B.|
[   16.668481] cloud-init[653]: |      o So oo.@ B|
[   16.669882] cloud-init[653]: |       o. + oO ==|
[   16.671506] cloud-init[653]: |        o+ . **oE|
[   16.684625] cloud-init[653]: |         o..O.+=+|
[   16.696387] cloud-init[653]: |        ...+oB*oo|
[   16.709484] cloud-init[653]: +----[SHA256]-----+
[   16.710544] cloud-init[653]: Generating public/private dsa key pair.
[   16.711945] cloud-init[653]: Your identification has been saved in /etc/ssh/ssh_host_dsa_key.
[   16.713534] cloud-init[653]: Your public key has been saved in /etc/ssh/ssh_host_dsa_key.pub.
[   16.715476] cloud-init[653]: The key fingerprint is:
[   16.716527] cloud-init[653]: SHA256:GoU/xTgF2ePaWqZTenXv9IvOwXPvGZ9VV7S53d+iths root@ubuntu-bionic
[   16.728622] cloud-init[653]: The key's randomart image is:
[   16.741660] cloud-init[653]: +---[DSA 1024]----+
[   16.742829] cloud-init[653]: |        .+.     .|
[   16.744318] cloud-init[653]: |       ..+o    .o|
[   16.756229] cloud-init[653]: |      . +.o.   o.|
[   16.757169] cloud-init[653]: |       o o.     =|
[   16.758304] cloud-init[653]: |      . So     .=|
[   16.759410] cloud-init[653]: |       o..= o . =|
[   16.760723] cloud-init[653]: |      .  B .E=.+=|
[[   16.761891] cloud-init[653]: |        = . oo=oX|
[   16.762219] cloud-init[653]: |         o .=* *B|
[   16.762783] cloud-init[653]: +----[SHA256]-----+
[   16.763330] cloud-init[653]: Generating public/private ecdsa key pair.
[   16.763903] cloud-init[653]: Your identification has been saved in /etc/ssh/ssh_host_ecdsa_key.
[   16.764515] cloud-init[653]: Your public key has been saved in /etc/ssh/ssh_host_ecdsa_key.pub.
[   16.765062] cloud-init[653]: The key fingerprint is:
[   16.765120] cloud-init[653]: SHA256:vKsflYf/gaD0y5bARPqZ6FNUp2+Qm+ORfwezeP/AVG8 root@ubuntu-bionic
[0;32m  OK  [0m] Started Initial cloud-init job (metadata service crawler).
[[0;32m  OK  [0m] Reached target System Initialization.
[[0;32m  OK  [0m] Listening on Open-iSCSI iscsid Socket.
[[0;32m  OK  [0m] Started Daily Cleanup of Temporary Directories.
[[0;32m  OK  [0m] Listening on ACPID Listen Socket.
[   16.765183] cloud-init[653]: The key's randomart image is:
[   16.785063] cloud-init[653]: +---[ECDSA 256]---+
[   16.786370] cloud-init[653]: |                 |
[   16.787550] cloud-init[653]: |        . . .    |
[   16.788737] cloud-init[653]: |       o . +    .|
[   16.790045] cloud-init[653]: |      ..o +o   ..|
[   16.791214] cloud-init[653]: |       *So=*. . E|
[   16.792585] cloud-init[653]: |      ..B=*+o+o. |
[   16.793696] cloud-init[653]: |     . .+o.*o.++ |
[   16.794878] cloud-init[653]: |      o  ++.o.+o.|
[   16.796009] cloud-init[653]: |      .+o.o  o.o+|
         Starting LXD - unix socket.
[[0;32m  OK  [0m] Listening on UUID daemon activation socket.
[   16.816182] cloud-init[653]: +----[SHA256]-----+
[[0;32m  OK  [0m] Started Discard unused blocks once a week.
[   16.843245] cloud-init[653]: Generating public/private ed25519 key pair.
[[0;32m  OK  [0m[   16.856445] cloud-init[653]: Your identification has been saved in /etc/ssh/ssh_host_ed25519_key.
[   16.857154] cloud-init[653]: Your public key has been saved in /etc/ssh/ssh_host_ed25519_key.pub.
[   16.857698] cloud-init[653]: The key fingerprint is:
[   16.858326] cloud-init] [653]: Listening on D-Bus System Message Bus Socket.SHA256:geHC+ILFC89NJkexSLOE0KFhJtLBkEuZvt26GfDPa+k root@ubuntu-bionic

[   16.858425] cloud-init[653]: The key's randomart image is:
[   16.863959] cloud-init[653]: +--[ED25519 256]--+
[   16.864149] cloud-init[653]: |BXOoo..          |
[[0;32m  OK  [0m] Started Daily apt download activities.
[   16.864473] cloud-init[653]: |BX+B o o         |
[[   16.876954] cloud-init[653]: |=.B B o .        |
[   16.877076] cloud-init[653]: |.B O .   .       |
[0;32m  OK  [0m] Started Daily apt upgrade and clean activities.
[   16.877563] cloud-init[653]: |..B +   S        |
[   16.878184] cloud-init[653]: | .oo .           |
[   16.878765] cloud-init[653]: |   o. .          |
[   16.879291] cloud-init[653]: |   .=o           |
[   16.879783] cloud-init[653]: |   o+E.          |
[   16.880470] cloud-init[653]: +----[SHA256]-----+
[[0;32m  OK  [0m] Started ACPI Events Check.
[[0;32m  OK  [0m] Reached target Paths.
         Starting Socket activation for snappy daemon.
[[0;32m  OK  [0m] Started Message of the Day.
[[0;32m  OK  [0m] Reached target Timers.
[[0;32m  OK  [0m] Reached target Network is Online.
         Starting Availability of block devices...
[[0;32m  OK  [0m] Reached target Remote File Systems (Pre).
[[0;32m  OK  [0m] Reached target Remote File Systems.
[[0;32m  OK  [0m] Reached target Cloud-config availability.
[[0;32m  OK  [0m] Listening on LXD - unix socket.
[[0;32m  OK  [0m] Listening on Socket activation for snappy daemon.
[[0;32m  OK  [0m] Started Availability of block devices.
[[0;32m  OK  [0m] Reached target Sockets.
[[0;32m  OK  [0m] Reached target Basic System.
         Starting Login Service...
         Starting LSB: automatic crash report generation...
         Starting LSB: Record successful boot for GRUB...
[[0;32m  OK  [0m] Started Regular background program processing daemon.
[[0;32m  OK  [0m] Started irqbalance daemon.
         Starting Virtualbox guest utils...
[[0;32m  OK  [0m] Started D-Bus System Message Bus.
[[0;32m  OK  [0m] Started FUSE filesystem for LXC.
         Starting Pollinate to seed the pseudo random number generator...
         Starting LXD - container startup/shutdown...
[[0;32m  OK  [0m] Started Deferred execution scheduler.
         Starting Dispatcher daemon for systemd-networkd...
         Starting Accounts Service...
         Starting Snappy daemon...
         Starting System Logging Service...
         Starting Permit User Sessions...
[[0;32m  OK  [0m] Started Login Service.
[[0;32m  OK  [0m] Started Unattended Upgrades Shutdown.
[[0;32m  OK  [0m] Started System Logging Service.
[[0;32m  OK  [0m] Started Permit User Sessions.
         Starting Terminate Plymouth Boot Screen...
         Starting Hold until boot process finishes up...
[[0;32m  OK  [0m] Started Terminate Plymouth Boot Screen.
[[0;32m  OK  [0m] Started Hold until boot process finishes up.
         Starting Set console scheme...
[[0;32m  OK  [0m] Started Serial Getty on ttyS0.
[[0;32m  OK  [0m] Started LSB: automatic crash report generation.
[[0;32m  OK  [0m] Started Set console scheme.
[[0;32m  OK  [0m] Created slice system-getty.slice.
[[0;32m  OK  [0m] Started Getty on tty1.
[[0;32m  OK  [0m] Reached target Login Prompts.
         Starting Authorization Manager...
[[0;32m  OK  [0m] Started LSB: Record successful boot for GRUB.
[[0;32m  OK  [0m] Started Authorization Manager.
[[0;32m  OK  [0m] Started Accounts Service.
[[0;32m  OK  [0m] Started Virtualbox guest utils.
[[0;32m  OK  [0m] Started LXD - container startup/shutdown.
[[0;32m  OK  [0m] Started Dispatcher daemon for systemd-networkd.
[[0;32m  OK  [0m] Started Snappy daemon.
         Starting Wait until snapd is fully seeded...
[[0;32m  OK  [0m] Started Pollinate to seed the pseudo random number generator.
         Starting OpenBSD Secure Shell server...
[[0;32m  OK  [0m] Started OpenBSD Secure Shell server.
[[0;32m  OK  [0m] Created slice User Slice of vagrant.
         Starting User Manager for UID 1000...
[[0;32m  OK  [0m] Started Session 1 of user vagrant.
[[0;32m  OK  [0m] Started User Manager for UID 1000.
[[0;32m  OK  [0m] Started Wait until snapd is fully seeded.
         Starting Apply the settings specified in cloud-config...
[[0;32m  OK  [0m] Reached target Multi-User System.
[[0;32m  OK  [0m] Reached target Graphical Interface.
         Starting Update UTMP about System Runlevel Changes...
[[0;32m  OK  [0m] Started Update UTMP about System Runlevel Changes.
[   21.791746] cloud-init[1191]: Cloud-init v. 19.3-41-gc4735dd3-0ubuntu1~18.04.1 running 'modules:config' at Tue, 21 Jan 2020 17:00:43 +0000. Up 20.83 seconds.
[[0;32m  OK  [0m] Started Apply the settings specified in cloud-config.
         Starting Execute cloud user/final scripts...
ci-info: no authorized ssh keys fingerprints found for user ubuntu.
<14>Jan 21 17:00:45 ec2: 
<14>Jan 21 17:00:45 ec2: #############################################################
<14>Jan 21 17:00:45 ec2: -----BEGIN SSH HOST KEY FINGERPRINTS-----
<14>Jan 21 17:00:45 ec2: 1024 SHA256:GoU/xTgF2ePaWqZTenXv9IvOwXPvGZ9VV7S53d+iths root@ubuntu-bionic (DSA)
<14>Jan 21 17:00:45 ec2: 256 SHA256:vKsflYf/gaD0y5bARPqZ6FNUp2+Qm+ORfwezeP/AVG8 root@ubuntu-bionic (ECDSA)
<14>Jan 21 17:00:45 ec2: 256 SHA256:geHC+ILFC89NJkexSLOE0KFhJtLBkEuZvt26GfDPa+k root@ubuntu-bionic (ED25519)
<14>Jan 21 17:00:45 ec2: 2048 SHA256:kj/77R1h2SjP5AfcflP7IgYO8VbjO2nfKvHsHtBTf/w root@ubuntu-bionic (RSA)
<14>Jan 21 17:00:45 ec2: -----END SSH HOST KEY FINGERPRINTS-----
<14>Jan 21 17:00:45 ec2: #############################################################
-----BEGIN SSH HOST KEY KEYS-----
ecdsa-sha2-nistp256 AAAAE2VjZHNhLXNoYTItbmlzdHAyNTYAAAAIbmlzdHAyNTYAAABBBDZc5n8n+0FfYCUYYOaM8bpJdMlL6QE6vhAxKCtVedpCnxlSGZHSY3qvZfzrWEV+0WrWq+8C/j+rqBJKBk6CFeA= root@ubuntu-bionic
ssh-ed25519 AAAAC3NzaC1lZDI1NTE5AAAAIAk/ZXlpJ0NBNm+h+T5+A2OUTgsrqjGmXlAXPV7CyWrb root@ubuntu-bionic
ssh-rsa AAAAB3NzaC1yc2EAAAADAQABAAABAQDFNEO8NJOQSQ9svmHAgD9Fu0/ECqa0FnfhizIZ8n8i5YvPrzW7lkQ39kodgZ31k5SNe9EEZnFxc9tRfywVDgk8PTW52Ens7c1xgvEeEOGJdDRnruu2PRyw+bz3iQ0iCEwEFgJQEzFpdv4WkHvPJMPOVkLb+PC0nzOl0eWMPCzJbnM8aGobDXIm/LlfM3VqfHoHID+gZpv8tk1/bBi3qjClQgAjXe27Lpo5Lh5EU4YTu8U9HEaQWzxoPx9fF/aKK1NF2VFhbRxWcrfQ95EX41/OWRMAbk388Lwr/ksMLXmvULLPvgm4T2DLCGuzTKqFFyEQJtSx2Bs0Hk8vyPjUGVCL root@ubuntu-bionic
-----END SSH HOST KEY KEYS-----
[   23.265357] cloud-init[1276]: Cloud-init v. 19.3-41-gc4735dd3-0ubuntu1~18.04.1 running 'modules:final' at Tue, 21 Jan 2020 17:00:45 +0000. Up 22.89 seconds.
[   23.265590] cloud-init[1276]: ci-info: no authorized ssh keys fingerprints found for user ubuntu.
[   23.265663] cloud-init[1276]: Cloud-init v. 19.3-41-gc4735dd3-0ubuntu1~18.04.1 finished at Tue, 21 Jan 2020 17:00:45 +0000. Datasource DataSourceNoCloud [seed=/dev/sdb][dsmode=net].  Up 23.22 seconds

Ubuntu 18.04.3 LTS ubuntu-bionic ttyS0

ubuntu-bionic login: 